// Jest Snapshot v1, https://goo.gl/fbAQLP

exports[`should render ExpenseListItem with fixture data 1`] = `
<Link
  className="list-item"
  to="/edit/2"
>
  <div>
    <h3
      className="list-item__title"
    >
      Rent
    </h3>
    <span
      className="list-item__sub-title"
    >
      28th December 1969
    </span>
  </div>
  <h3
    className="list-item__content"
  >
    $109,500.00
  </h3>
</Link>
`;
