// Jest Snapshot v1, https://goo.gl/fbAQLP

exports[`should render NewExpensePage correctly 1`] = `
<div>
  <h1>
    New Expense
  </h1>
  <ExpenseForm
    onSubmit={[Function]}
  />
</div>
`;
