// Jest Snapshot v1, https://goo.gl/fbAQLP

exports[`should correctly render LoginPage 1`] = `
<div>
  <div>
    <h1>
      Budget App
    </h1>
    <p>
      It's time to get your expenses under control.
    </p>
    <button>
      Login with Google
    </button>
  </div>
</div>
`;
